customs/cocacola.ldr
customs/ruedelpercebe.ldr
customs/torre_glories_barcelona.ldr
customs/edificio_clot_barcelona.ldr
customs/pctubo.ldr
customs/barco_turistico_bahia_malaga.ldr
customs/cabinatelefonos.ldr
customs/aparcamiento_con_vehiculos.ldr
customs/autolavado.ldr
customs/templo_debod.ldr
customs/incinerador_termonuclear.ldr
customs/torre_entrada_puerto_malaga.ldr
customs/jabega.ldr
customs/lopezpenalver.ldr
customs/moduloescapemarciano.ldr
customs/microbus50.ldr
customs/vialia_antiguo.ldr
customs/vialia_antiguo_lateral_bajo.ldr
customs/cajonera/cajonera_4c.ldr
customs/cajonera/cajon.ldr
customs/cajonera/cajonera_4c_open.ldr
customs/estacionmeteorologica.ldr
customs/etch.ldr
customs/trenturistico.ldr
customs/tux3d.ldr
customs/walkietalkies_pair.ldr
customs/the_orville_shuttle.ldr
customs/roverlunar.ldr
customs/planeador_orbital.ldr
customs/vialia_antiguo_segunda_planta.ldr
customs/torre_fastolfe.ldr
customs/duplexcosta.ldr
customs/titan_mare_explorer.ldr
customs/foodtruck_en_ruta.ldr
customs/hunslet_att77.ldr
customs/walkietalkie.ldr
customs/estacion_feve_malaga.ldr
customs/jetpac.ldr
customs/zxspectrum48k.ldr
customs/morlaco.ldr
customs/bannertente.ldr
customs/bocametro.ldr
customs/esperanza-torre.ldr
customs/tuxtentero.ldr
customs/cajonera_4c.ldr
customs/busbateria.ldr
customs/navevisitante.ldr
customs/buzon_sugerencias.ldr
customs/ecocasarodante.ldr
customs/taxi_espacial.ldr
customs/esfera4.ldr
customs/ubuntu_exin_castillos.ldr
customs/damas.ldr
customs/foodtruck.ldr
customs/autolavado_vacio.ldr
customs/estacionmetereologica.ldr
customs/esfera3.ldr
customs/ld3dstudio_logo.ldr
customs/todoterrenocompacto.ldr
customs/esfera2.ldr
customs/esfera1.ldr
customs/minipcsobremesa.ldr
customs/vialia_antiguo_primera_planta.ldr
customs/galileo_concurso.ldr
customs/ventanas_ahumadas.ldr
customs/castillito1.ldr
customs/sinclairzx80.ldr
customs/robotaxi.ldr
customs/aparcamiento.ldr
customs/donut.ldr
customs/peasochalet.ldr
customs/galileo.ldr
customs/nave_guaul_mini.ldr
customs/tardis.ldr
customs/lemmings_flat.ldr
customs/furgonetahielo.ldr
customs/molino.ldr
customs/lafarola.ldr
customs/amstrad_cpc464.ldr
customs/martian_chronicles_van.ldr
customs/urna_votacion.ldr
customs/tuxplano.ldr
customs/ovni9.ldr
customs/torres_hanoi.ldr
customs/papamovil.ldr
customs/circulo.ldr
customs/exinubuntu.ldr
customs/taller_informatico/cajonera.ldr
customs/taller_informatico/taller_informatico.ldr
customs/taller_informatico/cajon.ldr
customs/cohete_tintin.ldr
customs/entrada_puerto_malaga_full.ldr
customs/enterradores_meme.ldr
customs/tux_flat_base.ldr
customs/ubuntu_exin_castillos_transparente.ldr
customs/seat1430.ldr
oficiales/Nomura_camionjaponessony.ldr
oficiales/Astro_0552_transportematerialradioactivo.ldr
oficiales/Ruta_0675_quitanieves.ldr
oficiales/Combi_6_7.ldr
oficiales/Escorpion_0543_misil_autotransportado.ldr
oficiales/70037_airportservice.ldr
oficiales/Mar_0642_automotor.ldr
oficiales/Escorpion_0543_lanza_misil_movil.ldr
oficiales/Ruta_0671_camionfurgon.ldr
oficiales/Astro_0651_centromovilcontrol.ldr
oficiales/401_f1tesoro.ldr
oficiales/Combi_0333_corfu.ldr
oficiales/403_casa403.ldr
oficiales/70021_patrulla_espacial.ldr
oficiales/Ruta_0553_torrecontrolaeropuerto.ldr
oficiales/Mar_0550_buqueFaro.ldr
oficiales/Mini_510_casadecampo.ldr
oficiales/Astro_0552_vehiculoenlace.ldr
oficiales/Ruta_0553_transporteespecialcarga.ldr
oficiales/Compact_0353_Condor.ldr
oficiales/Ruta_0686_norfrio.ldr
oficiales/Nomura_sunshine2.ldr
oficiales/Aire_0501_servicio_autopista.ldr
oficiales/Hasbro_0220_refrigeratortruck.ldr
oficiales/Hasbro_0212_rangerpickup.ldr
oficiales/Ruta_0553_formula1elf.ldr
oficiales/Mini_501_simbolo_chino_501.ldr
oficiales/Ruta_0691_estacionengrase.ldr
oficiales/Astro_0552_busespacial-tractor.ldr
oficiales/Hasbro__astronavedefensa.ldr
oficiales/Mini_507_ermita.ldr
oficiales/Astro_0552_plantatransformadoradeuranio.ldr
oficiales/Combi_0340_lectorgeologico.ldr
oficiales/Ruta_0683EU_trailertransporteinternacional.ldr
oficiales/Astro_0552_vehiculoarticulado.ldr
oficiales/Astro_0552_aerodeslizadorespacial.ldr
oficiales/Astro_0722_navedefensasideral3.ldr
oficiales/Ruta_0680_trailerplataforma.ldr
oficiales/Ruta_0553_camionautopista.ldr
oficiales/Nomura_estaciondeserviciojaponesa.ldr
oficiales/Ruta_0693_silo.ldr
oficiales/Ruta_0681_trailercisternaaeropuerto.ldr
oficiales/Astro_0740_saturno6-miniexploradorterrestre.ldr
oficiales/Ruta_0553_limpiapistas.ldr
oficiales/Nomura_minifirej.ldr
oficiales/Mar_0710_vaportransatlantico.ldr
oficiales/403_chalet403.ldr
oficiales/Nomura_haitobus.ldr
oficiales/Hasbro_0270_basespaceaventure.ldr
oficiales/Escorpion_0750_tanque.ldr
oficiales/420_estacionservicio.ldr
oficiales/Escorpion_0755_ambulanciacampana.ldr
oficiales/Astro_0652_exploradorespacial.ldr
oficiales/Hasbro_0403_laserray.ldr
oficiales/Astro_0740_saturno6-explorador-aereo.ldr
oficiales/Ruta_0691_gruarutaclasica.ldr
oficiales/Titanium_0452_astronauta_expolion.ldr
oficiales/Hasbro_0260_jeepconvertible.ldr
oficiales/Ruta_0553_vehiculo20ruedas.ldr
oficiales/Ruta_0553_camionportacontainers.ldr
oficiales/motobomba.ldr
oficiales/Ruta_0674_autobusurbano.ldr
oficiales/Mini_503-bungalow.ldr
oficiales/Combi_7_unidad-exploradora.ldr
oficiales/Astro_0552_laboratoriomovil.ldr
oficiales/Mar_0550_buquepasaje.ldr
oficiales/Ruta_0553_transportedoblearticulado.ldr
oficiales/Ruta_0676_ambulanciarutaclasica.ldr
oficiales/Ruta_0553_transporteespecial.ldr
oficiales/Astro_0678_aranalunar.ldr
oficiales/Ruta_0670_camionplataforma.ldr
oficiales/70022_desintegrador_borras.ldr
oficiales/Compact_0348_Bipstar.ldr
oficiales/Ruta_0553_gruaportacontainers.ldr
oficiales/Ruta_0685_trailertransporteminerales.ldr
oficiales/Ruta_0690_cuartelbomberos.ldr
oficiales/Pocket_0315_Eslator.ldr
oficiales/Compact_0351_Tex.ldr
oficiales/Ruta_0553_multiruedas.ldr
oficiales/Mini_510_casita-mini.ldr
oficiales/Mini_502_peaje502.ldr
oficiales/Mini_501_chalet501.ldr
oficiales/Mar_0550_yatemallorca.ldr
oficiales/Ruta_0553_todoterrenocisterna.ldr
oficiales/Ruta_0553_peajeautopista.ldr
oficiales/Ruta_0553_formula1-6ruedas.ldr
oficiales/70021_patrulla_espacial_borras.ldr
oficiales/403_cochetente3.ldr
oficiales/Escorpion_0543_transporte_blindado.ldr
oficiales/Astro_0552_tractormantenimiento.ldr
oficiales/0403_avion_iniciacion.ldr
oficiales/Hasbro_0210_rainbowvan.ldr
oficiales/Titanium_0452_expolion.ldr
oficiales/Escorpion_0752_semioruga.ldr
oficiales/Ruta_0692_camioncisterna.ldr
oficiales/Astro_0722_navedefensasideral.ldr
oficiales/Astro_0740_saturno6-miniexploradoraereo.ldr
oficiales/Hasbro_0260_trashtruck.ldr
oficiales/Compact_0345_SpacePatrol.ldr
oficiales/Combi_6_generadormovil.ldr
oficiales/Astro_0654_unidadsideralrescate.ldr
oficiales/Nomura_londonbus.ldr
oficiales/Cosmic_0435_scutty.ldr
oficiales/Compact_0346_Vigilantic.ldr
oficiales/Ruta_0692_gasolinerarutaclasica.ldr
oficiales/Astro_0552_transporteuranio.ldr
oficiales/Ruta0553_dragster8cilindros.ldr
oficiales/Hasbro__campingcar.ldr
oficiales/Combi_5_8.ldr
oficiales/Hasbro_0222_caravana_americana.ldr
oficiales/Compact_0344_Extinthor.ldr
oficiales/Astro_0552_busespacial.ldr
oficiales/Ruta_0677_autobar.ldr
oficiales/Ruta_0693_camioncemento.ldr
oficiales/Ruta_0553_trailertransportemineral.ldr
oficiales/Ruta_0553_expedicionmozambique.ldr
oficiales/403_casahalt.ldr
oficiales/Compact_0347_Pegasus.ldr
oficiales/Astro_0552_nave_interceptora.ldr
oficiales/Ruta_0673_camionreparto.ldr
oficiales/Astro_0552_basealertagalactica.ldr
oficiales/Astro_0552_estacionuranio.ldr
oficiales/Astro_0655_torrecontroltraficoorbital.ldr
oficiales/Hasbro_0260_mobilehome.ldr
oficiales/Hasbro_0260_dumptruck.ldr
oficiales/astronauta_viejo.ldr
oficiales/Mini_508_kiosko.ldr
oficiales/Ruta_0672_camionvolqueterutaclasica.ldr
oficiales/roadmaster.ldr
oficiales/Ruta_0553_camionespecialreparacioneselectricas.ldr
oficiales/Hasbro_0260_firetruck.ldr
oficiales/401_casa_caja_1.ldr
oficiales/Ruta_0553_gasolineramundoruta.ldr
oficiales/Astro_0552_Astro_Sencillo.ldr
oficiales/Compact_0343_Excavator.ldr
oficiales/Combi_1.ldr
oficiales/Aire_0502_HelicopteroBrigadaForestal.ldr
oficiales/Mini_501_casa501.ldr
oficiales/Hasbro_0481_astrostarcommander.ldr
oficiales/Hasbro_0250_formula1witht8.ldr
oficiales/Mar_0614_ferry.ldr
oficiales/Astro_0552_patrulla91.ldr
oficiales/Hasbro_0222_greyhoundbus.ldr
oficiales/Astro_0740_saturno6-nodriza.ldr
oficiales/402_casa402.ldr
oficiales/Astro_0653_astromovil.ldr
oficiales/Mar_0550_barcopaseo.ldr
oficiales/Mar_0550_yatexaloc.ldr
oficiales/Hasbro__camionnye.ldr
oficiales/Ruta_0553_camiondragstercisterna.ldr
oficiales/Ruta_0682_trailertransportesespeciales.ldr
oficiales/Ruta_0553_trailertransformador.ldr
oficiales/Astro_0552_exploradordetector.ldr
oficiales/Astro_0722_navedefensasideral2.ldr
oficiales/Ruta_0553_flyingvan.ldr
oficiales/Mar_0615_fragata-lanzamisiles.ldr
oficiales/Compact_0352_Karpan.ldr
oficiales/Astro_0650_desintegrador_alternativo.ldr
oficiales/Astro_0657_unidadteledetectora.ldr
oficiales/Alpha_0370_ControlAereo.ldr
oficiales/Compact_0349_Robby.ldr
oficiales/Aire_0506_HelicopteroFumigador.ldr
oficiales/Ruta_0553_furgonetaaeropuerto.ldr
oficiales/Astro_0552_transportefluidos.ldr
oficiales/Astro_0650_desintegradorrayoslaser.ldr
oficiales/Ruta_0553_camionespecialbomberosaeropuerto.ldr
oficiales/Ruta_0690_camionbomberos.ldr
oficiales/Astro_0552_vehiculodedefensa.ldr
oficiales/Astro_0720_proyectorgalacticomovil.ldr
oficiales/Ruta_0553_dragster.ldr
oficiales/Nomura_camionbomberosjapones.ldr
oficiales/Mar_0642_hovercraftmotor.ldr
oficiales/Astro_0661_uesondeo.ldr
oficiales/Borras_patrullaespacial.ldr
oficiales/Combi_2.ldr
oficiales/Escorpion_0751_transporteanfibio.ldr
oficiales/353_karpan.ldr